parity jobs 3420 byte matches 3420 mismatches 0
market_view median 3.1489758333191276 p90 4.806245042942464 decode median 2.72177742049098
P15-02 c9669fa98ba72c43 0 38ea80350aa20abecf619b18fe18ad4a9c5a8a2c7ed98461415a340645ef3069
P15-03 b957ec04d76e9c71 0 7f7af3743d42aeff6fc37019b1acbbe2f021193dab7ce9497718779cdb820d81
01 subphase 207db9ec1a196b8c 0 369529f9424b9ee684646a1f3203ef1bc74da1d4fbb16d05789591ed6527d1fc
01 gate-review 0 d769c4ee16a7d3dabfa44e381ba28e6e9a82a3b858105ff21974ebf7b3847889
{
  "p15_02": {
    "path": "/workspace/implementation/reports/research-work/P15-02/c9669fa98ba72c43/attempt-0001/TASK_RECEIPT.json",
    "sha256": "38ea80350aa20abecf619b18fe18ad4a9c5a8a2c7ed98461415a340645ef3069",
    "run_id": "c9669fa98ba72c43"
  },
  "p15_03": {
    "path": "/workspace/implementation/reports/research-work/P15-03/b957ec04d76e9c71/attempt-0001/TASK_RECEIPT.json",
    "sha256": "7f7af3743d42aeff6fc37019b1acbbe2f021193dab7ce9497718779cdb820d81",
    "run_id": "b957ec04d76e9c71"
  },
  "subphase": {
    "path": "/workspace/implementation/reports/research-work/01-native-and-outcomes/207db9ec1a196b8c/attempt-0001/SUBPHASE_RECEIPT.json",
    "sha256": "369529f9424b9ee684646a1f3203ef1bc74da1d4fbb16d05789591ed6527d1fc",
    "run_id": "207db9ec1a196b8c"
  },
  "gate_review": {
    "path": "/workspace/implementation/reports/research-work/01-native-and-outcomes/207db9ec1a196b8c/attempt-0001/GATE_REVIEW.json",
    "sha256": "d769c4ee16a7d3dabfa44e381ba28e6e9a82a3b858105ff21974ebf7b3847889"
  }
}
EXIT:0
