P15-00 run_id ea9693217cb577cb attempt /workspace/implementation/reports/research-work/P15-00/ea9693217cb577cb/attempt-0001
P15-00 verify 0 68d5b2505f7961ec8ef8626982af799be954d452eaffb1c34b8a31cd978c5c77
P15-01 run_id a4c95ab43aef1038 attempt /workspace/implementation/reports/research-work/P15-01/a4c95ab43aef1038/attempt-0001
P15-01 verify 0 2f6e9f7ca88462ff8820e27e54e1941fd517b7450bc2cdd0e4dcbab4c1ccf5fa
subphase 72c6541ece1cfab0 0 07d0388d88e35348b18e717d9ad7ea9149dce35caddc95a8dfd5c20adbd5ac4f
checker 0 2829310135408277ae70efd5b0c38795c355e76fc2f41c5354e30b298ba12753
GATE_REVIEW b162766b3cdcca89220515dcaa7522ad88ae93a5000d47bfec0a2229f6d4be75
additional_probe 0 valid_task_control expected 0 actual 0
valid_review_control expected 0 actual 0
review_nonobject expected 2 actual 2
review_null_cases expected 2 actual 2
review_missing_bindings expected 2 actual 2
matrix_failed_checks expected 2 actual 2
matrix_nonexistent_references expected 2 actual 2
code_false_file_hash expected 2 actual 2
plan_no_preserved_copies expected 2 actual 2
artifact_wrong_schema expected 2 actual 2
lineage_valid_control expected 0 actual 0
lineage_late_control expected 2 actual 2
lineage_missing_clock_and_path expected 2 actual 2
lineage_nonexistent_row expected 2 actual 2

gate-review sidecar 0
{
  "p15_00": {
    "path": "/workspace/implementation/reports/research-work/P15-00/ea9693217cb577cb/attempt-0001/TASK_RECEIPT.json",
    "sha256": "68d5b2505f7961ec8ef8626982af799be954d452eaffb1c34b8a31cd978c5c77",
    "run_id": "ea9693217cb577cb"
  },
  "p15_01": {
    "path": "/workspace/implementation/reports/research-work/P15-01/a4c95ab43aef1038/attempt-0001/TASK_RECEIPT.json",
    "sha256": "2f6e9f7ca88462ff8820e27e54e1941fd517b7450bc2cdd0e4dcbab4c1ccf5fa",
    "run_id": "a4c95ab43aef1038"
  },
  "subphase": {
    "path": "/workspace/implementation/reports/research-work/00-foundation/72c6541ece1cfab0/attempt-0001/SUBPHASE_RECEIPT.json",
    "sha256": "07d0388d88e35348b18e717d9ad7ea9149dce35caddc95a8dfd5c20adbd5ac4f",
    "run_id": "72c6541ece1cfab0"
  },
  "gate_review": {
    "path": "/workspace/implementation/reports/research-work/00-foundation/72c6541ece1cfab0/attempt-0001/GATE_REVIEW.json",
    "sha256": "b162766b3cdcca89220515dcaa7522ad88ae93a5000d47bfec0a2229f6d4be75"
  },
  "fixed_suite": {
    "path": "/workspace/implementation/reports/research-work/00-foundation/72c6541ece1cfab0/fixed-suite/RESULTS.json",
    "sha256": "2829310135408277ae70efd5b0c38795c355e76fc2f41c5354e30b298ba12753"
  },
  "additional_suite": {
    "path": "/workspace/implementation/reports/research-work/00-foundation/72c6541ece1cfab0/additional-suite/RESULTS.json",
    "sha256": "ba35a777f9a9b63cd1072ab5b14770423c056a125494a92c32cb38b3b26572f8"
  },
  "v2_preserved": "4d96f149d81ffad8173b59bde2d807026e6b8e1fac61c3814531c7b61137b4a0",
  "v1_preserved": "a4c5e6bcecdae8af24b69021bf3d9da50f084ee4a2e96c18857e621d69785d20"
}
EXIT:0
